[2026-09-04 08:05:11] [WARN] L4信号读取异常: no such column: volume_ratio
[2026-09-04 17:30:51] [INFO] ============================================================
[2026-09-04 17:30:51] [INFO] 📊 大A舆情预判框架 v2.0 - 日终数据采集
[2026-09-04 17:30:51] [INFO] 交易日: 2026-09-04
[2026-09-04 17:30:51] [INFO] ============================================================
[2026-09-04 17:30:51] [INFO] >> 步骤1: 运行6层数据采集器
[2026-09-04 17:30:51] [INFO] L0 开始采集: 宏观采集器(CPI/PPI/PMI) (collect_macro.py)
[2026-09-04 17:31:02] [INFO] L0 采集完成: collect_macro.py
  PPI同比: 3.5 (2026-07-01) 可用: 2026-07-11
  制造业PMI: 49.8 (2026-08-01) 可用: 2026-08-01
  CPI-PPI剪刀差: -3.0 (2026-07-01) 可用: 2026-07-11

⚠️ TODO: 社融/M1-M2/DR007 需用akshare或央行官网接口（待接入）
[2026-09-04 17:31:02] [INFO] L0 开始采集: 宏观补充(社融/M1M2/DR007) (collect_macro_extra.py)
[2026-09-04 17:31:10] [INFO] ============================================================
[2026-09-04 17:31:10] [INFO] 📊 大A舆情预判框架 v2.0 - 日终数据采集
[2026-09-04 17:31:10] [INFO] 交易日: 2026-09-04
[2026-09-04 17:31:10] [INFO] ============================================================
[2026-09-04 17:31:10] [INFO] >> 步骤1: 运行6层数据采集器
[2026-09-04 17:31:10] [INFO] L0 开始采集: 宏观采集器(CPI/PPI/PMI) (collect_macro.py)
[2026-09-04 17:31:17] [INFO] L0 采集完成: collect_macro.py
  PPI同比: 3.5 (2026-07-01) 可用: 2026-07-11
  制造业PMI: 49.8 (2026-08-01) 可用: 2026-08-01
  CPI-PPI剪刀差: -3.0 (2026-07-01) 可用: 2026-07-11

⚠️ TODO: 社融/M1-M2/DR007 需用akshare或央行官网接口（待接入）
[2026-09-04 17:31:17] [INFO] L0 开始采集: 宏观补充(社融/M1M2/DR007) (collect_macro_extra.py)
[2026-09-04 17:31:30] [INFO] L0 采集完成: collect_macro_extra.py
  社融增量 总记录数: 136
  M1同比 总记录数: 223
  M2同比 总记录数: 223
  M1-M2剪刀差 总记录数: 223
  DR007 总记录数: 250
[2026-09-04 17:31:30] [INFO] L1 开始采集: 政策事件采集器 (collect_policy.py)
[2026-09-04 17:31:32] [INFO] L1 采集完成: collect_policy.py

============================================================
✅ L1政策事件采集完成: 共 16 条
📂 脚本: /Users/lizhiwei/Documents/Obsidian Vault/10_Reference/market_sentiment/_data/db/collect_policy.py
📂 数据库: /Users/lizhiwei/Documents/Obsidian Vault/10_Reference/market_sentiment/_data/db/sentiment.db
[2026-09-04 17:31:32] [INFO] L2 开始采集: 机构动向采集器(龙虎榜/融资融券) (collect_institution.py)
[2026-09-04 17:31:40] [INFO] L0 采集完成: collect_macro_extra.py
  社融增量 总记录数: 136
  M1同比 总记录数: 223
  M2同比 总记录数: 223
  M1-M2剪刀差 总记录数: 223
  DR007 总记录数: 250
[2026-09-04 17:31:40] [INFO] L1 开始采集: 政策事件采集器 (collect_policy.py)
[2026-09-04 17:31:44] [INFO] L1 采集完成: collect_policy.py

============================================================
✅ L1政策事件采集完成: 共 16 条
📂 脚本: /Users/lizhiwei/Documents/Obsidian Vault/10_Reference/market_sentiment/_data/db/collect_policy.py
📂 数据库: /Users/lizhiwei/Documents/Obsidian Vault/10_Reference/market_sentiment/_data/db/sentiment.db
[2026-09-04 17:31:44] [INFO] L2 开始采集: 机构动向采集器(龙虎榜/融资融券) (collect_institution.py)
[2026-09-04 17:31:46] [INFO] L2 采集完成: collect_institution.py
  回购/增持合计:
    日期: 2026-09-04 | 值: 12.964028 | 来源: eastmoney | 可用: 2026-09-05
      buyback_count: 16
      buyback_amount_yi: 12.96
      window_days: 7
[2026-09-04 17:31:46] [INFO] L3 开始采集: 资金面采集器(北向/主力/成交额) (collect_capital.py)
[2026-09-04 17:31:47] [INFO] ============================================================
[2026-09-04 17:31:47] [INFO] 📊 大A舆情预判框架 v2.0 - 日终数据采集
[2026-09-04 17:31:47] [INFO] 交易日: 2026-09-04
[2026-09-04 17:31:47] [INFO] ============================================================
[2026-09-04 17:31:47] [INFO] >> 步骤1: 运行6层数据采集器
[2026-09-04 17:31:47] [INFO] L0 开始采集: 宏观采集器(CPI/PPI/PMI) (collect_macro.py)
[2026-09-04 17:31:53] [INFO] L0 采集完成: collect_macro.py
  PPI同比: 3.5 (2026-07-01) 可用: 2026-07-11
  制造业PMI: 49.8 (2026-08-01) 可用: 2026-08-01
  CPI-PPI剪刀差: -3.0 (2026-07-01) 可用: 2026-07-11

⚠️ TODO: 社融/M1-M2/DR007 需用akshare或央行官网接口（待接入）
[2026-09-04 17:31:53] [INFO] L0 开始采集: 宏观补充(社融/M1M2/DR007) (collect_macro_extra.py)
[2026-09-04 17:31:58] [INFO] L2 采集完成: collect_institution.py
  回购/增持合计:
    日期: 2026-09-04 | 值: 12.964028 | 来源: eastmoney | 可用: 2026-09-05
      buyback_count: 16
      buyback_amount_yi: 12.96
      window_days: 7
[2026-09-04 17:31:58] [INFO] L3 开始采集: 资金面采集器(北向/主力/成交额) (collect_capital.py)
[2026-09-04 17:32:20] [INFO] L0 采集完成: collect_macro_extra.py
  社融增量 总记录数: 136
  M1同比 总记录数: 223
  M2同比 总记录数: 223
  M1-M2剪刀差 总记录数: 223
  DR007 总记录数: 250
[2026-09-04 17:32:20] [INFO] L1 开始采集: 政策事件采集器 (collect_policy.py)
[2026-09-04 17:32:24] [INFO] L1 采集完成: collect_policy.py

============================================================
✅ L1政策事件采集完成: 共 16 条
📂 脚本: /Users/lizhiwei/Documents/Obsidian Vault/10_Reference/market_sentiment/_data/db/collect_policy.py
📂 数据库: /Users/lizhiwei/Documents/Obsidian Vault/10_Reference/market_sentiment/_data/db/sentiment.db
[2026-09-04 17:32:24] [INFO] L2 开始采集: 机构动向采集器(龙虎榜/融资融券) (collect_institution.py)
[2026-09-04 17:32:32] [INFO] L3 采集完成: collect_capital.py
  northbound_net: 无有效值 (2026-09-01) 来源:web_search_legulegu
  main_capital_net: -59.45 (2026-09-04) 可用:2026-09-04 来源:web_search_sina
  volume_ratio: 无有效值 (2026-09-04) 来源:hithink_snapshot
  etf_net_subscribe: 无有效值 (2026-09-04) 来源:failed
  cds_spread: -3.12 (2026-09-01) 可用:2026-09-04 来源:web_search_macromicro
[2026-09-04 17:32:32] [INFO] L4 开始采集: 市场情绪采集器(涨停池/炸板) (collect_sentiment.py)
[2026-09-04 17:32:42] [INFO] L2 采集完成: collect_institution.py
  回购/增持合计:
    日期: 2026-09-04 | 值: 12.964028 | 来源: eastmoney | 可用: 2026-09-05
      buyback_count: 16
      buyback_amount_yi: 12.96
      window_days: 7
[2026-09-04 17:32:42] [INFO] L3 开始采集: 资金面采集器(北向/主力/成交额) (collect_capital.py)
[2026-09-04 17:32:44] [INFO] L3 采集完成: collect_capital.py
  northbound_net: 无有效值 (2026-09-01) 来源:web_search_legulegu
  main_capital_net: -59.45 (2026-09-04) 可用:2026-09-04 来源:web_search_sina
  volume_ratio: 无有效值 (2026-09-04) 来源:hithink_snapshot
  etf_net_subscribe: 无有效值 (2026-09-04) 来源:failed
  cds_spread: -3.12 (2026-09-01) 可用:2026-09-04 来源:web_search_macromicro
[2026-09-04 17:32:44] [INFO] L4 开始采集: 市场情绪采集器(涨停池/炸板) (collect_sentiment.py)
[2026-09-04 17:33:31] [INFO] L3 采集完成: collect_capital.py
  northbound_net: 无有效值 (2026-09-01) 来源:web_search_legulegu
  main_capital_net: -59.45 (2026-09-04) 可用:2026-09-04 来源:web_search_sina
  volume_ratio: 无有效值 (2026-09-04) 来源:hithink_snapshot
  etf_net_subscribe: 无有效值 (2026-09-04) 来源:failed
  cds_spread: -3.12 (2026-09-01) 可用:2026-09-04 来源:web_search_macromicro
[2026-09-04 17:33:31] [INFO] L4 开始采集: 市场情绪采集器(涨停池/炸板) (collect_sentiment.py)
[2026-09-04 17:34:00] [INFO] L4 采集完成: collect_sentiment.py
📋 数据库最新记录:
  日期: 2026-09-04
  涨停: 38 (首板:31 二板:6 三板+:1)
  最高连板: 5板
  连板天梯: 1板:31只 → 2板:6只 → 5板:1只
[2026-09-04 17:34:00] [INFO] L5 开始采集: 衍生品采集器(PCR/IV/基差) (collect_derivatives.py)
[2026-09-04 17:34:03] [INFO] L5 采集完成: collect_derivatives.py

  数据库衍生品记录总数: 1条

📂 脚本: /Users/lizhiwei/Documents/Obsidian Vault/10_Reference/market_sentiment/_data/db/collect_derivatives.py
📂 数据库: /Users/lizhiwei/Documents/Obsidian Vault/10_Reference/market_sentiment/_data/db/sentiment.db
[2026-09-04 17:34:03] [INFO] >> 步骤2: 运行评分引擎
[2026-09-04 17:34:03] [INFO] 开始运行评分引擎，交易日=2026-09-04
[2026-09-04 17:34:03] [INFO] 评分完成: Z=-0.1770 方向=neutral 置信度=100.0% 熔断=L0
[2026-09-04 17:34:03] [INFO] >> 步骤3: 运行告警检查
[2026-09-04 17:34:03] [INFO] 开始告警检查
[2026-09-04 17:34:04] [INFO] 发现 1 条告警
[2026-09-04 17:34:04] [INFO]   [critical] 沪深300基差贴水: -0.35% (阈值:-0.3%)
[2026-09-04 17:34:04] [INFO] ============================================================
[2026-09-04 17:34:04] [INFO] 📊 日终采集汇总
[2026-09-04 17:34:04] [INFO] ============================================================
[2026-09-04 17:34:04] [INFO]   ✅ L0 宏观采集器(CPI/PPI/PMI)
[2026-09-04 17:34:04] [INFO]   ✅ L0 宏观补充(社融/M1M2/DR007)
[2026-09-04 17:34:04] [INFO]   ✅ L1 政策事件采集器
[2026-09-04 17:34:04] [INFO]   ✅ L2 机构动向采集器(龙虎榜/融资融券)
[2026-09-04 17:34:04] [INFO]   ✅ L3 资金面采集器(北向/主力/成交额)
[2026-09-04 17:34:04] [INFO]   ✅ L4 市场情绪采集器(涨停池/炸板)
[2026-09-04 17:34:04] [INFO]   ✅ L5 衍生品采集器(PCR/IV/基差)
[2026-09-04 17:34:04] [INFO]   ✅ 评分引擎: Z=-0.1770 neutral
[2026-09-04 17:34:04] [INFO]   🚨 告警: 1条
[2026-09-04 17:34:04] [INFO] ============================================================
[2026-09-04 17:34:04] [INFO] 日终采集完成
[2026-09-04 17:34:04] [INFO] ============================================================
[2026-09-04 17:34:15] [INFO] ============================================================
[2026-09-04 17:34:15] [INFO] 📊 大A舆情预判框架 v2.0 - 日终数据采集
[2026-09-04 17:34:15] [INFO] 交易日: 2026-09-04
[2026-09-04 17:34:15] [INFO] ============================================================
[2026-09-04 17:34:15] [INFO] >> 步骤1: 运行6层数据采集器
[2026-09-04 17:34:15] [INFO] L0 开始采集: 宏观采集器(CPI/PPI/PMI) (collect_macro.py)
[2026-09-04 17:34:22] [INFO] L0 采集完成: collect_macro.py
  PPI同比: 3.5 (2026-07-01) 可用: 2026-07-11
  制造业PMI: 49.8 (2026-08-01) 可用: 2026-08-01
  CPI-PPI剪刀差: -3.0 (2026-07-01) 可用: 2026-07-11

⚠️ TODO: 社融/M1-M2/DR007 需用akshare或央行官网接口（待接入）
[2026-09-04 17:34:22] [INFO] L0 开始采集: 宏观补充(社融/M1M2/DR007) (collect_macro_extra.py)
[2026-09-04 17:34:47] [INFO] L0 采集完成: collect_macro_extra.py
  社融增量 总记录数: 136
  M1同比 总记录数: 223
  M2同比 总记录数: 223
  M1-M2剪刀差 总记录数: 223
  DR007 总记录数: 250
[2026-09-04 17:34:47] [INFO] L1 开始采集: 政策事件采集器 (collect_policy.py)
[2026-09-04 17:34:53] [INFO] L1 采集完成: collect_policy.py

============================================================
✅ L1政策事件采集完成: 共 16 条
📂 脚本: /Users/lizhiwei/Documents/Obsidian Vault/10_Reference/market_sentiment/_data/db/collect_policy.py
📂 数据库: /Users/lizhiwei/Documents/Obsidian Vault/10_Reference/market_sentiment/_data/db/sentiment.db
[2026-09-04 17:34:53] [INFO] L2 开始采集: 机构动向采集器(龙虎榜/融资融券) (collect_institution.py)
[2026-09-04 17:35:09] [INFO] L2 采集完成: collect_institution.py
  回购/增持合计:
    日期: 2026-09-04 | 值: 12.964028 | 来源: eastmoney | 可用: 2026-09-05
      buyback_count: 16
      buyback_amount_yi: 12.96
      window_days: 7
[2026-09-04 17:35:09] [INFO] L3 开始采集: 资金面采集器(北向/主力/成交额) (collect_capital.py)
[2026-09-04 17:35:26] [INFO] L3 采集完成: collect_capital.py
  northbound_net: 无有效值 (2026-09-01) 来源:web_search_legulegu
  main_capital_net: -59.45 (2026-09-04) 可用:2026-09-04 来源:web_search_sina
  volume_ratio: 无有效值 (2026-09-04) 来源:hithink_snapshot
  etf_net_subscribe: 无有效值 (2026-09-04) 来源:failed
  cds_spread: -3.12 (2026-09-01) 可用:2026-09-04 来源:web_search_macromicro
[2026-09-04 17:35:26] [INFO] L4 开始采集: 市场情绪采集器(涨停池/炸板) (collect_sentiment.py)
[2026-09-04 17:35:35] [INFO] L4 采集完成: collect_sentiment.py
📋 数据库最新记录:
  日期: 2026-09-04
  涨停: 38 (首板:31 二板:6 三板+:1)
  最高连板: 5板
  连板天梯: 1板:31只 → 2板:6只 → 5板:1只
[2026-09-04 17:35:35] [INFO] L5 开始采集: 衍生品采集器(PCR/IV/基差) (collect_derivatives.py)
[2026-09-04 17:35:37] [INFO] L5 采集完成: collect_derivatives.py

  数据库衍生品记录总数: 1条

📂 脚本: /Users/lizhiwei/Documents/Obsidian Vault/10_Reference/market_sentiment/_data/db/collect_derivatives.py
📂 数据库: /Users/lizhiwei/Documents/Obsidian Vault/10_Reference/market_sentiment/_data/db/sentiment.db
[2026-09-04 17:35:37] [INFO] >> 步骤2: 运行评分引擎
[2026-09-04 17:35:37] [INFO] 开始运行评分引擎，交易日=2026-09-04
[2026-09-04 17:35:37] [INFO] 评分完成: Z=-0.1710 方向=neutral 置信度=100.0% 熔断=L0
[2026-09-04 17:35:37] [INFO] >> 步骤3: 运行告警检查
[2026-09-04 17:35:37] [INFO] 开始告警检查
[2026-09-04 17:35:38] [INFO] 发现 1 条告警
[2026-09-04 17:35:38] [INFO]   [critical] 沪深300基差贴水: -0.35% (阈值:-0.3%)
[2026-09-04 17:35:38] [INFO] ============================================================
[2026-09-04 17:35:38] [INFO] 📊 日终采集汇总
[2026-09-04 17:35:38] [INFO] ============================================================
[2026-09-04 17:35:38] [INFO]   ✅ L0 宏观采集器(CPI/PPI/PMI)
[2026-09-04 17:35:38] [INFO]   ✅ L0 宏观补充(社融/M1M2/DR007)
[2026-09-04 17:35:38] [INFO]   ✅ L1 政策事件采集器
[2026-09-04 17:35:38] [INFO]   ✅ L2 机构动向采集器(龙虎榜/融资融券)
[2026-09-04 17:35:38] [INFO]   ✅ L3 资金面采集器(北向/主力/成交额)
[2026-09-04 17:35:38] [INFO]   ✅ L4 市场情绪采集器(涨停池/炸板)
[2026-09-04 17:35:38] [INFO]   ✅ L5 衍生品采集器(PCR/IV/基差)
[2026-09-04 17:35:38] [INFO]   ✅ 评分引擎: Z=-0.1710 neutral
[2026-09-04 17:35:38] [INFO]   🚨 告警: 1条
[2026-09-04 17:35:38] [INFO] ============================================================
[2026-09-04 17:35:38] [INFO] 日终采集完成
[2026-09-04 17:35:38] [INFO] ============================================================
[2026-09-04 17:36:20] [INFO] ============================================================
[2026-09-04 17:36:20] [INFO] 📊 大A舆情预判框架 v2.0 - 日终数据采集
[2026-09-04 17:36:20] [INFO] 交易日: 2026-09-04
[2026-09-04 17:36:20] [INFO] ============================================================
[2026-09-04 17:36:20] [INFO] >> 步骤1: 运行6层数据采集器
[2026-09-04 17:36:20] [INFO] L0 开始采集: 宏观采集器(CPI/PPI/PMI) (collect_macro.py)
[2026-09-04 17:36:23] [INFO] L0 采集完成: collect_macro.py
  PPI同比: 3.5 (2026-07-01) 可用: 2026-07-11
  制造业PMI: 49.8 (2026-08-01) 可用: 2026-08-01
  CPI-PPI剪刀差: -3.0 (2026-07-01) 可用: 2026-07-11

⚠️ TODO: 社融/M1-M2/DR007 需用akshare或央行官网接口（待接入）
[2026-09-04 17:36:23] [INFO] L0 开始采集: 宏观补充(社融/M1M2/DR007) (collect_macro_extra.py)
[2026-09-04 17:36:32] [INFO] L0 采集完成: collect_macro_extra.py
  社融增量 总记录数: 136
  M1同比 总记录数: 223
  M2同比 总记录数: 223
  M1-M2剪刀差 总记录数: 223
  DR007 总记录数: 250
[2026-09-04 17:36:32] [INFO] L1 开始采集: 政策事件采集器 (collect_policy.py)
[2026-09-04 17:36:33] [INFO] ============================================================
[2026-09-04 17:36:33] [INFO] 📊 大A舆情预判框架 v2.0 - 日终数据采集
[2026-09-04 17:36:33] [INFO] 交易日: 2026-09-04
[2026-09-04 17:36:33] [INFO] ============================================================
[2026-09-04 17:36:33] [INFO] >> 步骤1: 运行6层数据采集器
[2026-09-04 17:36:33] [INFO] L0 开始采集: 宏观采集器(CPI/PPI/PMI) (collect_macro.py)
[2026-09-04 17:36:34] [INFO] L1 采集完成: collect_policy.py

============================================================
✅ L1政策事件采集完成: 共 16 条
📂 脚本: /Users/lizhiwei/Documents/Obsidian Vault/10_Reference/market_sentiment/_data/db/collect_policy.py
📂 数据库: /Users/lizhiwei/Documents/Obsidian Vault/10_Reference/market_sentiment/_data/db/sentiment.db
[2026-09-04 17:36:34] [INFO] L2 开始采集: 机构动向采集器(龙虎榜/融资融券) (collect_institution.py)
[2026-09-04 17:36:37] [INFO] L0 采集完成: collect_macro.py
  PPI同比: 3.5 (2026-07-01) 可用: 2026-07-11
  制造业PMI: 49.8 (2026-08-01) 可用: 2026-08-01
  CPI-PPI剪刀差: -3.0 (2026-07-01) 可用: 2026-07-11

⚠️ TODO: 社融/M1-M2/DR007 需用akshare或央行官网接口（待接入）
[2026-09-04 17:36:37] [INFO] L0 开始采集: 宏观补充(社融/M1M2/DR007) (collect_macro_extra.py)
[2026-09-04 17:36:43] [INFO] L2 采集完成: collect_institution.py
  回购/增持合计:
    日期: 2026-09-04 | 值: 12.964028 | 来源: eastmoney | 可用: 2026-09-05
      buyback_count: 16
      buyback_amount_yi: 12.96
      window_days: 7
[2026-09-04 17:36:43] [INFO] L3 开始采集: 资金面采集器(北向/主力/成交额) (collect_capital.py)
[2026-09-04 17:36:55] [INFO] L0 采集完成: collect_macro_extra.py
  社融增量 总记录数: 136
  M1同比 总记录数: 223
  M2同比 总记录数: 223
  M1-M2剪刀差 总记录数: 223
  DR007 总记录数: 250
[2026-09-04 17:36:55] [INFO] L1 开始采集: 政策事件采集器 (collect_policy.py)
[2026-09-04 17:36:58] [INFO] L1 采集完成: collect_policy.py

============================================================
✅ L1政策事件采集完成: 共 16 条
📂 脚本: /Users/lizhiwei/Documents/Obsidian Vault/10_Reference/market_sentiment/_data/db/collect_policy.py
📂 数据库: /Users/lizhiwei/Documents/Obsidian Vault/10_Reference/market_sentiment/_data/db/sentiment.db
[2026-09-04 17:36:58] [INFO] L2 开始采集: 机构动向采集器(龙虎榜/融资融券) (collect_institution.py)
[2026-09-04 17:37:05] [INFO] L2 采集完成: collect_institution.py
  回购/增持合计:
    日期: 2026-09-04 | 值: 12.964028 | 来源: eastmoney | 可用: 2026-09-05
      buyback_count: 16
      buyback_amount_yi: 12.96
      window_days: 7
[2026-09-04 17:37:05] [INFO] L3 开始采集: 资金面采集器(北向/主力/成交额) (collect_capital.py)
[2026-09-04 17:37:10] [INFO] L3 采集完成: collect_capital.py
  northbound_net: 无有效值 (2026-09-01) 来源:web_search_legulegu
  main_capital_net: -59.45 (2026-09-04) 可用:2026-09-04 来源:web_search_sina
  volume_ratio: 无有效值 (2026-09-04) 来源:hithink_snapshot
  etf_net_subscribe: 无有效值 (2026-09-04) 来源:failed
  cds_spread: -3.12 (2026-09-01) 可用:2026-09-04 来源:web_search_macromicro
[2026-09-04 17:37:10] [INFO] L4 开始采集: 市场情绪采集器(涨停池/炸板) (collect_sentiment.py)
[2026-09-04 17:37:31] [INFO] L4 采集完成: collect_sentiment.py
📋 数据库最新记录:
  日期: 2026-09-04
  涨停: 38 (首板:31 二板:6 三板+:1)
  最高连板: 5板
  连板天梯: 1板:31只 → 2板:6只 → 5板:1只
[2026-09-04 17:37:31] [INFO] L5 开始采集: 衍生品采集器(PCR/IV/基差) (collect_derivatives.py)
[2026-09-04 17:37:32] [INFO] L5 采集完成: collect_derivatives.py

  数据库衍生品记录总数: 1条

📂 脚本: /Users/lizhiwei/Documents/Obsidian Vault/10_Reference/market_sentiment/_data/db/collect_derivatives.py
📂 数据库: /Users/lizhiwei/Documents/Obsidian Vault/10_Reference/market_sentiment/_data/db/sentiment.db
[2026-09-04 17:37:32] [INFO] >> 步骤2: 运行评分引擎
[2026-09-04 17:37:32] [INFO] 开始运行评分引擎，交易日=2026-09-04
[2026-09-04 17:37:32] [INFO] 评分完成: Z=-0.1671 方向=neutral 置信度=100.0% 熔断=L0
[2026-09-04 17:37:32] [INFO] >> 步骤3: 运行告警检查
[2026-09-04 17:37:32] [INFO] 开始告警检查
[2026-09-04 17:37:32] [INFO] L3 采集完成: collect_capital.py
  northbound_net: 无有效值 (2026-09-01) 来源:web_search_legulegu
  main_capital_net: -59.45 (2026-09-04) 可用:2026-09-04 来源:web_search_sina
  volume_ratio: 无有效值 (2026-09-04) 来源:hithink_snapshot
  etf_net_subscribe: 无有效值 (2026-09-04) 来源:failed
  cds_spread: -3.12 (2026-09-01) 可用:2026-09-04 来源:web_search_macromicro
[2026-09-04 17:37:32] [INFO] L4 开始采集: 市场情绪采集器(涨停池/炸板) (collect_sentiment.py)
[2026-09-04 17:37:32] [INFO] 发现 1 条告警
[2026-09-04 17:37:32] [INFO]   [critical] 沪深300基差贴水: -0.35% (阈值:-0.3%)
[2026-09-04 17:37:32] [INFO] ============================================================
[2026-09-04 17:37:32] [INFO] 📊 日终采集汇总
[2026-09-04 17:37:32] [INFO] ============================================================
[2026-09-04 17:37:32] [INFO]   ✅ L0 宏观采集器(CPI/PPI/PMI)
[2026-09-04 17:37:32] [INFO]   ✅ L0 宏观补充(社融/M1M2/DR007)
[2026-09-04 17:37:32] [INFO]   ✅ L1 政策事件采集器
[2026-09-04 17:37:32] [INFO]   ✅ L2 机构动向采集器(龙虎榜/融资融券)
[2026-09-04 17:37:32] [INFO]   ✅ L3 资金面采集器(北向/主力/成交额)
[2026-09-04 17:37:32] [INFO]   ✅ L4 市场情绪采集器(涨停池/炸板)
[2026-09-04 17:37:32] [INFO]   ✅ L5 衍生品采集器(PCR/IV/基差)
[2026-09-04 17:37:32] [INFO]   ✅ 评分引擎: Z=-0.1671 neutral
[2026-09-04 17:37:32] [INFO]   🚨 告警: 1条
[2026-09-04 17:37:32] [INFO] ============================================================
[2026-09-04 17:37:32] [INFO] 日终采集完成
[2026-09-04 17:37:32] [INFO] ============================================================
[2026-09-04 17:37:41] [INFO] L4 采集完成: collect_sentiment.py
📋 数据库最新记录:
  日期: 2026-09-04
  涨停: 38 (首板:31 二板:6 三板+:1)
  最高连板: 5板
  连板天梯: 1板:31只 → 2板:6只 → 5板:1只
[2026-09-04 17:37:41] [INFO] L5 开始采集: 衍生品采集器(PCR/IV/基差) (collect_derivatives.py)
[2026-09-04 17:37:42] [INFO] L5 采集完成: collect_derivatives.py

  数据库衍生品记录总数: 1条

📂 脚本: /Users/lizhiwei/Documents/Obsidian Vault/10_Reference/market_sentiment/_data/db/collect_derivatives.py
📂 数据库: /Users/lizhiwei/Documents/Obsidian Vault/10_Reference/market_sentiment/_data/db/sentiment.db
[2026-09-04 17:37:42] [INFO] >> 步骤2: 运行评分引擎
[2026-09-04 17:37:42] [INFO] 开始运行评分引擎，交易日=2026-09-04
[2026-09-04 17:37:42] [INFO] 评分完成: Z=-0.1536 方向=neutral 置信度=100.0% 熔断=L0
[2026-09-04 17:37:42] [INFO] >> 步骤3: 运行告警检查
[2026-09-04 17:37:42] [INFO] 开始告警检查
[2026-09-04 17:37:43] [INFO] 发现 1 条告警
[2026-09-04 17:37:43] [INFO]   [critical] 沪深300基差贴水: -0.35% (阈值:-0.3%)
[2026-09-04 17:37:43] [INFO] ============================================================
[2026-09-04 17:37:43] [INFO] 📊 日终采集汇总
[2026-09-04 17:37:43] [INFO] ============================================================
[2026-09-04 17:37:43] [INFO]   ✅ L0 宏观采集器(CPI/PPI/PMI)
[2026-09-04 17:37:43] [INFO]   ✅ L0 宏观补充(社融/M1M2/DR007)
[2026-09-04 17:37:43] [INFO]   ✅ L1 政策事件采集器
[2026-09-04 17:37:43] [INFO]   ✅ L2 机构动向采集器(龙虎榜/融资融券)
[2026-09-04 17:37:43] [INFO]   ✅ L3 资金面采集器(北向/主力/成交额)
[2026-09-04 17:37:43] [INFO]   ✅ L4 市场情绪采集器(涨停池/炸板)
[2026-09-04 17:37:43] [INFO]   ✅ L5 衍生品采集器(PCR/IV/基差)
[2026-09-04 17:37:43] [INFO]   ✅ 评分引擎: Z=-0.1536 neutral
[2026-09-04 17:37:43] [INFO]   🚨 告警: 1条
[2026-09-04 17:37:43] [INFO] ============================================================
[2026-09-04 17:37:43] [INFO] 日终采集完成
[2026-09-04 17:37:43] [INFO] ============================================================
[2026-09-07 17:30:53] [INFO] ============================================================
[2026-09-07 17:30:53] [INFO] 📊 大A舆情预判框架 v2.0 - 日终数据采集
[2026-09-07 17:30:53] [INFO] 交易日: 2026-09-07
[2026-09-07 17:30:53] [INFO] ============================================================
[2026-09-07 17:30:53] [INFO] >> 步骤1: 运行6层数据采集器
[2026-09-07 17:30:53] [INFO] L0 开始采集: 宏观采集器(CPI/PPI/PMI) (collect_macro.py)
[2026-09-07 17:30:56] [INFO] L0 采集完成: collect_macro.py
  PPI同比: 3.5 (2026-07-01) 可用: 2026-07-11
  制造业PMI: 49.8 (2026-08-01) 可用: 2026-08-01
  CPI-PPI剪刀差: -3.0 (2026-07-01) 可用: 2026-07-11

⚠️ TODO: 社融/M1-M2/DR007 需用akshare或央行官网接口（待接入）
[2026-09-07 17:30:56] [INFO] L0 开始采集: 宏观补充(社融/M1M2/DR007) (collect_macro_extra.py)
[2026-09-07 17:31:05] [INFO] L0 采集完成: collect_macro_extra.py
  社融增量 总记录数: 136
  M1同比 总记录数: 223
  M2同比 总记录数: 223
  M1-M2剪刀差 总记录数: 223
  DR007 总记录数: 251
[2026-09-07 17:31:05] [INFO] L1 开始采集: 政策事件采集器 (collect_policy.py)
[2026-09-07 17:31:06] [INFO] L1 采集完成: collect_policy.py

============================================================
✅ L1政策事件采集完成: 共 16 条
📂 脚本: /Users/lizhiwei/Documents/Obsidian Vault/10_Reference/market_sentiment/_data/db/collect_policy.py
📂 数据库: /Users/lizhiwei/Documents/Obsidian Vault/10_Reference/market_sentiment/_data/db/sentiment.db
[2026-09-07 17:31:06] [INFO] L2 开始采集: 机构动向采集器(龙虎榜/融资融券) (collect_institution.py)
[2026-09-07 17:31:07] [INFO] ============================================================
[2026-09-07 17:31:07] [INFO] 📊 大A舆情预判框架 v2.0 - 日终数据采集
[2026-09-07 17:31:07] [INFO] 交易日: 2026-09-07
[2026-09-07 17:31:07] [INFO] ============================================================
[2026-09-07 17:31:07] [INFO] >> 步骤1: 运行6层数据采集器
[2026-09-07 17:31:07] [INFO] L0 开始采集: 宏观采集器(CPI/PPI/PMI) (collect_macro.py)
[2026-09-07 17:31:10] [INFO] L0 采集完成: collect_macro.py
  PPI同比: 3.5 (2026-07-01) 可用: 2026-07-11
  制造业PMI: 49.8 (2026-08-01) 可用: 2026-08-01
  CPI-PPI剪刀差: -3.0 (2026-07-01) 可用: 2026-07-11

⚠️ TODO: 社融/M1-M2/DR007 需用akshare或央行官网接口（待接入）
[2026-09-07 17:31:10] [INFO] L0 开始采集: 宏观补充(社融/M1M2/DR007) (collect_macro_extra.py)
[2026-09-07 17:31:13] [INFO] L2 采集完成: collect_institution.py
  回购/增持合计:
    日期: 2026-09-07 | 值: 5.247138 | 来源: eastmoney | 可用: 2026-09-08
      buyback_count: 4
      buyback_amount_yi: 5.25
      window_days: 7
[2026-09-07 17:31:13] [INFO] L3 开始采集: 资金面采集器(北向/主力/成交额) (collect_capital.py)
[2026-09-07 17:31:19] [INFO] ============================================================
[2026-09-07 17:31:19] [INFO] 📊 大A舆情预判框架 v2.0 - 日终数据采集
[2026-09-07 17:31:19] [INFO] 交易日: 2026-09-07
[2026-09-07 17:31:19] [INFO] ============================================================
[2026-09-07 17:31:19] [INFO] >> 步骤1: 运行6层数据采集器
[2026-09-07 17:31:19] [INFO] L0 开始采集: 宏观采集器(CPI/PPI/PMI) (collect_macro.py)
[2026-09-07 17:31:21] [INFO] L0 采集完成: collect_macro_extra.py
  社融增量 总记录数: 136
  M1同比 总记录数: 223
  M2同比 总记录数: 223
  M1-M2剪刀差 总记录数: 223
  DR007 总记录数: 251
[2026-09-07 17:31:21] [INFO] L1 开始采集: 政策事件采集器 (collect_policy.py)
[2026-09-07 17:31:22] [INFO] L0 采集完成: collect_macro.py
  PPI同比: 3.5 (2026-07-01) 可用: 2026-07-11
  制造业PMI: 49.8 (2026-08-01) 可用: 2026-08-01
  CPI-PPI剪刀差: -3.0 (2026-07-01) 可用: 2026-07-11

⚠️ TODO: 社融/M1-M2/DR007 需用akshare或央行官网接口（待接入）
[2026-09-07 17:31:22] [INFO] L0 开始采集: 宏观补充(社融/M1M2/DR007) (collect_macro_extra.py)
[2026-09-07 17:31:23] [INFO] L1 采集完成: collect_policy.py

============================================================
✅ L1政策事件采集完成: 共 16 条
📂 脚本: /Users/lizhiwei/Documents/Obsidian Vault/10_Reference/market_sentiment/_data/db/collect_policy.py
📂 数据库: /Users/lizhiwei/Documents/Obsidian Vault/10_Reference/market_sentiment/_data/db/sentiment.db
[2026-09-07 17:31:23] [INFO] L2 开始采集: 机构动向采集器(龙虎榜/融资融券) (collect_institution.py)
[2026-09-07 17:31:30] [INFO] L2 采集完成: collect_institution.py
  回购/增持合计:
    日期: 2026-09-07 | 值: 5.247138 | 来源: eastmoney | 可用: 2026-09-08
      buyback_count: 4
      buyback_amount_yi: 5.25
      window_days: 7
[2026-09-07 17:31:30] [INFO] L3 开始采集: 资金面采集器(北向/主力/成交额) (collect_capital.py)
[2026-09-07 17:31:30] [INFO] ============================================================
[2026-09-07 17:31:30] [INFO] 📊 大A舆情预判框架 v2.0 - 日终数据采集
[2026-09-07 17:31:30] [INFO] 交易日: 2026-09-07
[2026-09-07 17:31:30] [INFO] ============================================================
[2026-09-07 17:31:30] [INFO] >> 步骤1: 运行6层数据采集器
[2026-09-07 17:31:30] [INFO] L0 开始采集: 宏观采集器(CPI/PPI/PMI) (collect_macro.py)
[2026-09-07 17:31:34] [INFO] L0 采集完成: collect_macro.py
  PPI同比: 3.5 (2026-07-01) 可用: 2026-07-11
  制造业PMI: 49.8 (2026-08-01) 可用: 2026-08-01
  CPI-PPI剪刀差: -3.0 (2026-07-01) 可用: 2026-07-11

⚠️ TODO: 社融/M1-M2/DR007 需用akshare或央行官网接口（待接入）
[2026-09-07 17:31:34] [INFO] L0 开始采集: 宏观补充(社融/M1M2/DR007) (collect_macro_extra.py)
[2026-09-07 17:31:36] [INFO] L3 采集完成: collect_capital.py
  northbound_net: 无有效值 (2026-09-01) 来源:web_search_legulegu
  main_capital_net: -59.45 (2026-09-07) 可用:2026-09-07 来源:web_search_sina
  volume_ratio: 无有效值 (2026-09-07) 来源:hithink_snapshot
  etf_net_subscribe: 无有效值 (2026-09-07) 来源:failed
  cds_spread: -3.12 (2026-09-01) 可用:2026-09-07 来源:web_search_macromicro
[2026-09-07 17:31:36] [INFO] L4 开始采集: 市场情绪采集器(涨停池/炸板) (collect_sentiment.py)
[2026-09-07 17:31:37] [INFO] L0 采集完成: collect_macro_extra.py
  社融增量 总记录数: 136
  M1同比 总记录数: 223
  M2同比 总记录数: 223
  M1-M2剪刀差 总记录数: 223
  DR007 总记录数: 251
[2026-09-07 17:31:37] [INFO] L1 开始采集: 政策事件采集器 (collect_policy.py)
[2026-09-07 17:31:39] [INFO] L1 采集完成: collect_policy.py

============================================================
✅ L1政策事件采集完成: 共 16 条
📂 脚本: /Users/lizhiwei/Documents/Obsidian Vault/10_Reference/market_sentiment/_data/db/collect_policy.py
📂 数据库: /Users/lizhiwei/Documents/Obsidian Vault/10_Reference/market_sentiment/_data/db/sentiment.db
[2026-09-07 17:31:39] [INFO] L2 开始采集: 机构动向采集器(龙虎榜/融资融券) (collect_institution.py)
[2026-09-07 17:31:48] [INFO] L2 采集完成: collect_institution.py
  回购/增持合计:
    日期: 2026-09-07 | 值: 5.247138 | 来源: eastmoney | 可用: 2026-09-08
      buyback_count: 4
      buyback_amount_yi: 5.25
      window_days: 7
[2026-09-07 17:31:48] [INFO] L3 开始采集: 资金面采集器(北向/主力/成交额) (collect_capital.py)
[2026-09-07 17:31:50] [INFO] L0 采集完成: collect_macro_extra.py
  社融增量 总记录数: 136
  M1同比 总记录数: 223
  M2同比 总记录数: 223
  M1-M2剪刀差 总记录数: 223
  DR007 总记录数: 251
[2026-09-07 17:31:50] [INFO] L1 开始采集: 政策事件采集器 (collect_policy.py)
[2026-09-07 17:31:52] [INFO] L1 采集完成: collect_policy.py

============================================================
✅ L1政策事件采集完成: 共 16 条
📂 脚本: /Users/lizhiwei/Documents/Obsidian Vault/10_Reference/market_sentiment/_data/db/collect_policy.py
📂 数据库: /Users/lizhiwei/Documents/Obsidian Vault/10_Reference/market_sentiment/_data/db/sentiment.db
[2026-09-07 17:31:52] [INFO] L2 开始采集: 机构动向采集器(龙虎榜/融资融券) (collect_institution.py)
[2026-09-07 17:31:58] [INFO] L3 采集完成: collect_capital.py
  northbound_net: 无有效值 (2026-09-01) 来源:web_search_legulegu
  main_capital_net: -59.45 (2026-09-07) 可用:2026-09-07 来源:web_search_sina
  volume_ratio: 无有效值 (2026-09-07) 来源:hithink_snapshot
  etf_net_subscribe: 无有效值 (2026-09-07) 来源:failed
  cds_spread: -3.12 (2026-09-01) 可用:2026-09-07 来源:web_search_macromicro
[2026-09-07 17:31:58] [INFO] L4 开始采集: 市场情绪采集器(涨停池/炸板) (collect_sentiment.py)
[2026-09-07 17:31:59] [INFO] L4 采集完成: collect_sentiment.py
📋 数据库最新记录:
  日期: 2026-09-07
  涨停: 50 (首板:49 二板:0 三板+:1)
  最高连板: 6板
  连板天梯: 1板:49只 → 6板:1只
[2026-09-07 17:31:59] [INFO] L5 开始采集: 衍生品采集器(PCR/IV/基差) (collect_derivatives.py)
[2026-09-07 17:32:01] [INFO] L2 采集完成: collect_institution.py
  回购/增持合计:
    日期: 2026-09-07 | 值: 5.247138 | 来源: eastmoney | 可用: 2026-09-08
      buyback_count: 4
      buyback_amount_yi: 5.25
      window_days: 7
[2026-09-07 17:32:01] [INFO] L3 开始采集: 资金面采集器(北向/主力/成交额) (collect_capital.py)
[2026-09-07 17:32:01] [INFO] L5 采集完成: collect_derivatives.py

  数据库衍生品记录总数: 1条

📂 脚本: /Users/lizhiwei/Documents/Obsidian Vault/10_Reference/market_sentiment/_data/db/collect_derivatives.py
📂 数据库: /Users/lizhiwei/Documents/Obsidian Vault/10_Reference/market_sentiment/_data/db/sentiment.db
[2026-09-07 17:32:01] [INFO] >> 步骤2: 运行评分引擎
[2026-09-07 17:32:01] [INFO] 开始运行评分引擎，交易日=2026-09-07
[2026-09-07 17:32:01] [INFO] 评分完成: Z=-0.2445 方向=neutral 置信度=90.0% 熔断=L0
[2026-09-07 17:32:01] [INFO] >> 步骤3: 运行告警检查
[2026-09-07 17:32:01] [INFO] 开始告警检查
[2026-09-07 17:32:02] [INFO] 发现 1 条告警
[2026-09-07 17:32:02] [INFO]   [critical] 沪深300基差贴水: -0.35% (阈值:-0.3%)
[2026-09-07 17:32:02] [INFO] ============================================================
[2026-09-07 17:32:02] [INFO] 📊 日终采集汇总
[2026-09-07 17:32:02] [INFO] ============================================================
[2026-09-07 17:32:02] [INFO]   ✅ L0 宏观采集器(CPI/PPI/PMI)
[2026-09-07 17:32:02] [INFO]   ✅ L0 宏观补充(社融/M1M2/DR007)
[2026-09-07 17:32:02] [INFO]   ✅ L1 政策事件采集器
[2026-09-07 17:32:02] [INFO]   ✅ L2 机构动向采集器(龙虎榜/融资融券)
[2026-09-07 17:32:02] [INFO]   ✅ L3 资金面采集器(北向/主力/成交额)
[2026-09-07 17:32:02] [INFO]   ✅ L4 市场情绪采集器(涨停池/炸板)
[2026-09-07 17:32:02] [INFO]   ✅ L5 衍生品采集器(PCR/IV/基差)
[2026-09-07 17:32:02] [INFO]   ✅ 评分引擎: Z=-0.2445 neutral
[2026-09-07 17:32:02] [INFO]   🚨 告警: 1条
[2026-09-07 17:32:02] [INFO] ============================================================
[2026-09-07 17:32:02] [INFO] 日终采集完成
[2026-09-07 17:32:02] [INFO] ============================================================
[2026-09-07 17:32:15] [INFO] L3 采集完成: collect_capital.py
  northbound_net: 无有效值 (2026-09-01) 来源:web_search_legulegu
  main_capital_net: -59.45 (2026-09-07) 可用:2026-09-07 来源:web_search_sina
  volume_ratio: 无有效值 (2026-09-07) 来源:hithink_snapshot
  etf_net_subscribe: 无有效值 (2026-09-07) 来源:failed
  cds_spread: -3.12 (2026-09-01) 可用:2026-09-07 来源:web_search_macromicro
[2026-09-07 17:32:15] [INFO] L4 开始采集: 市场情绪采集器(涨停池/炸板) (collect_sentiment.py)
[2026-09-07 17:32:18] [INFO] L4 采集完成: collect_sentiment.py
📋 数据库最新记录:
  日期: 2026-09-07
  涨停: 50 (首板:49 二板:0 三板+:1)
  最高连板: 6板
  连板天梯: 1板:49只 → 6板:1只
[2026-09-07 17:32:18] [INFO] L5 开始采集: 衍生品采集器(PCR/IV/基差) (collect_derivatives.py)
[2026-09-07 17:32:19] [INFO] L5 采集完成: collect_derivatives.py

  数据库衍生品记录总数: 1条

📂 脚本: /Users/lizhiwei/Documents/Obsidian Vault/10_Reference/market_sentiment/_data/db/collect_derivatives.py
📂 数据库: /Users/lizhiwei/Documents/Obsidian Vault/10_Reference/market_sentiment/_data/db/sentiment.db
[2026-09-07 17:32:19] [INFO] >> 步骤2: 运行评分引擎
[2026-09-07 17:32:19] [INFO] 开始运行评分引擎，交易日=2026-09-07
[2026-09-07 17:32:19] [INFO] 评分完成: Z=-0.2256 方向=neutral 置信度=90.0% 熔断=L0
[2026-09-07 17:32:19] [INFO] >> 步骤3: 运行告警检查
[2026-09-07 17:32:19] [INFO] 开始告警检查
[2026-09-07 17:32:20] [INFO] 发现 1 条告警
[2026-09-07 17:32:20] [INFO]   [critical] 沪深300基差贴水: -0.35% (阈值:-0.3%)
[2026-09-07 17:32:20] [INFO] ============================================================
[2026-09-07 17:32:20] [INFO] 📊 日终采集汇总
[2026-09-07 17:32:20] [INFO] ============================================================
[2026-09-07 17:32:20] [INFO]   ✅ L0 宏观采集器(CPI/PPI/PMI)
[2026-09-07 17:32:20] [INFO]   ✅ L0 宏观补充(社融/M1M2/DR007)
[2026-09-07 17:32:20] [INFO]   ✅ L1 政策事件采集器
[2026-09-07 17:32:20] [INFO]   ✅ L2 机构动向采集器(龙虎榜/融资融券)
[2026-09-07 17:32:20] [INFO]   ✅ L3 资金面采集器(北向/主力/成交额)
[2026-09-07 17:32:20] [INFO]   ✅ L4 市场情绪采集器(涨停池/炸板)
[2026-09-07 17:32:20] [INFO]   ✅ L5 衍生品采集器(PCR/IV/基差)
[2026-09-07 17:32:20] [INFO]   ✅ 评分引擎: Z=-0.2256 neutral
[2026-09-07 17:32:20] [INFO]   🚨 告警: 1条
[2026-09-07 17:32:20] [INFO] ============================================================
[2026-09-07 17:32:20] [INFO] 日终采集完成
[2026-09-07 17:32:20] [INFO] ============================================================
[2026-09-07 17:32:24] [INFO] L3 采集完成: collect_capital.py
  northbound_net: 无有效值 (2026-09-01) 来源:web_search_legulegu
  main_capital_net: -59.45 (2026-09-07) 可用:2026-09-07 来源:web_search_sina
  volume_ratio: 无有效值 (2026-09-07) 来源:hithink_snapshot
  etf_net_subscribe: 无有效值 (2026-09-07) 来源:failed
  cds_spread: -3.12 (2026-09-01) 可用:2026-09-07 来源:web_search_macromicro
[2026-09-07 17:32:24] [INFO] L4 开始采集: 市场情绪采集器(涨停池/炸板) (collect_sentiment.py)
[2026-09-07 17:32:29] [INFO] L4 采集完成: collect_sentiment.py
📋 数据库最新记录:
  日期: 2026-09-07
  涨停: 50 (首板:49 二板:0 三板+:1)
  最高连板: 6板
  连板天梯: 1板:49只 → 6板:1只
[2026-09-07 17:32:29] [INFO] L5 开始采集: 衍生品采集器(PCR/IV/基差) (collect_derivatives.py)
[2026-09-07 17:32:30] [INFO] L5 采集完成: collect_derivatives.py

  数据库衍生品记录总数: 1条

📂 脚本: /Users/lizhiwei/Documents/Obsidian Vault/10_Reference/market_sentiment/_data/db/collect_derivatives.py
📂 数据库: /Users/lizhiwei/Documents/Obsidian Vault/10_Reference/market_sentiment/_data/db/sentiment.db
[2026-09-07 17:32:30] [INFO] >> 步骤2: 运行评分引擎
[2026-09-07 17:32:30] [INFO] 开始运行评分引擎，交易日=2026-09-07
[2026-09-07 17:32:30] [INFO] 评分完成: Z=-0.2061 方向=neutral 置信度=90.0% 熔断=L0
[2026-09-07 17:32:30] [INFO] >> 步骤3: 运行告警检查
[2026-09-07 17:32:30] [INFO] 开始告警检查
[2026-09-07 17:32:31] [INFO] 发现 1 条告警
[2026-09-07 17:32:31] [INFO]   [critical] 沪深300基差贴水: -0.35% (阈值:-0.3%)
[2026-09-07 17:32:31] [INFO] ============================================================
[2026-09-07 17:32:31] [INFO] 📊 日终采集汇总
[2026-09-07 17:32:31] [INFO] ============================================================
[2026-09-07 17:32:31] [INFO]   ✅ L0 宏观采集器(CPI/PPI/PMI)
[2026-09-07 17:32:31] [INFO]   ✅ L0 宏观补充(社融/M1M2/DR007)
[2026-09-07 17:32:31] [INFO]   ✅ L1 政策事件采集器
[2026-09-07 17:32:31] [INFO]   ✅ L2 机构动向采集器(龙虎榜/融资融券)
[2026-09-07 17:32:31] [INFO]   ✅ L3 资金面采集器(北向/主力/成交额)
[2026-09-07 17:32:31] [INFO]   ✅ L4 市场情绪采集器(涨停池/炸板)
[2026-09-07 17:32:31] [INFO]   ✅ L5 衍生品采集器(PCR/IV/基差)
[2026-09-07 17:32:31] [INFO]   ✅ 评分引擎: Z=-0.2061 neutral
[2026-09-07 17:32:31] [INFO]   🚨 告警: 1条
[2026-09-07 17:32:31] [INFO] ============================================================
[2026-09-07 17:32:31] [INFO] 日终采集完成
[2026-09-07 17:32:31] [INFO] ============================================================
[2026-09-07 17:32:36] [INFO] L4 采集完成: collect_sentiment.py
📋 数据库最新记录:
  日期: 2026-09-07
  涨停: 50 (首板:49 二板:0 三板+:1)
  最高连板: 6板
  连板天梯: 1板:49只 → 6板:1只
[2026-09-07 17:32:36] [INFO] L5 开始采集: 衍生品采集器(PCR/IV/基差) (collect_derivatives.py)
[2026-09-07 17:32:36] [INFO] L5 采集完成: collect_derivatives.py

  数据库衍生品记录总数: 1条

📂 脚本: /Users/lizhiwei/Documents/Obsidian Vault/10_Reference/market_sentiment/_data/db/collect_derivatives.py
📂 数据库: /Users/lizhiwei/Documents/Obsidian Vault/10_Reference/market_sentiment/_data/db/sentiment.db
[2026-09-07 17:32:36] [INFO] >> 步骤2: 运行评分引擎
[2026-09-07 17:32:36] [INFO] 开始运行评分引擎，交易日=2026-09-07
[2026-09-07 17:32:37] [INFO] 评分完成: Z=-0.2604 方向=neutral 置信度=90.0% 熔断=L0
[2026-09-07 17:32:37] [INFO] >> 步骤3: 运行告警检查
[2026-09-07 17:32:37] [INFO] 开始告警检查
[2026-09-07 17:32:37] [INFO] 发现 1 条告警
[2026-09-07 17:32:37] [INFO]   [critical] 沪深300基差贴水: -0.35% (阈值:-0.3%)
[2026-09-07 17:32:37] [INFO] ============================================================
[2026-09-07 17:32:37] [INFO] 📊 日终采集汇总
[2026-09-07 17:32:37] [INFO] ============================================================
[2026-09-07 17:32:37] [INFO]   ✅ L0 宏观采集器(CPI/PPI/PMI)
[2026-09-07 17:32:37] [INFO]   ✅ L0 宏观补充(社融/M1M2/DR007)
[2026-09-07 17:32:37] [INFO]   ✅ L1 政策事件采集器
[2026-09-07 17:32:37] [INFO]   ✅ L2 机构动向采集器(龙虎榜/融资融券)
[2026-09-07 17:32:37] [INFO]   ✅ L3 资金面采集器(北向/主力/成交额)
[2026-09-07 17:32:37] [INFO]   ✅ L4 市场情绪采集器(涨停池/炸板)
[2026-09-07 17:32:37] [INFO]   ✅ L5 衍生品采集器(PCR/IV/基差)
[2026-09-07 17:32:37] [INFO]   ✅ 评分引擎: Z=-0.2604 neutral
[2026-09-07 17:32:37] [INFO]   🚨 告警: 1条
[2026-09-07 17:32:37] [INFO] ============================================================
[2026-09-07 17:32:37] [INFO] 日终采集完成
[2026-09-07 17:32:37] [INFO] ============================================================
[2026-09-08 17:35:04] [INFO] ============================================================
[2026-09-08 17:35:04] [INFO] 📊 大A舆情预判框架 v2.0 - 日终数据采集
[2026-09-08 17:35:04] [INFO] 交易日: 2026-09-08
[2026-09-08 17:35:04] [INFO] ============================================================
[2026-09-08 17:35:04] [INFO] >> 步骤1: 运行6层数据采集器
[2026-09-08 17:35:04] [INFO] L0 开始采集: 宏观采集器(CPI/PPI/PMI) (collect_macro.py)
[2026-09-08 17:35:14] [INFO] L0 采集完成: collect_macro.py
  PPI同比: 3.5 (2026-07-01) 可用: 2026-07-11
  制造业PMI: 49.8 (2026-08-01) 可用: 2026-08-01
  CPI-PPI剪刀差: -3.0 (2026-07-01) 可用: 2026-07-11

⚠️ TODO: 社融/M1-M2/DR007 需用akshare或央行官网接口（待接入）
[2026-09-08 17:35:14] [INFO] L0 开始采集: 宏观补充(社融/M1M2/DR007) (collect_macro_extra.py)
[2026-09-08 17:35:48] [INFO] L0 采集完成: collect_macro_extra.py
  社融增量 总记录数: 136
  M1同比 总记录数: 223
  M2同比 总记录数: 223
  M1-M2剪刀差 总记录数: 223
  DR007 总记录数: 252
[2026-09-08 17:35:48] [INFO] L1 开始采集: 政策事件采集器 (collect_policy.py)
[2026-09-08 17:35:53] [INFO] L1 采集完成: collect_policy.py

============================================================
✅ L1政策事件采集完成: 共 16 条
📂 脚本: /Users/lizhiwei/Documents/Obsidian Vault/10_Reference/market_sentiment/_data/db/collect_policy.py
📂 数据库: /Users/lizhiwei/Documents/Obsidian Vault/10_Reference/market_sentiment/_data/db/sentiment.db
[2026-09-08 17:35:53] [INFO] L2 开始采集: 机构动向采集器(龙虎榜/融资融券) (collect_institution.py)
[2026-09-08 17:36:11] [INFO] L2 采集完成: collect_institution.py
  回购/增持合计:
    日期: 2026-09-08 | 值: 7.447138 | 来源: eastmoney | 可用: 2026-09-09
      buyback_count: 5
      buyback_amount_yi: 7.45
      window_days: 7
[2026-09-08 17:36:11] [INFO] L3 开始采集: 资金面采集器(北向/主力/成交额) (collect_capital.py)
[2026-09-08 17:37:32] [INFO] ============================================================
[2026-09-08 17:37:32] [INFO] 📊 大A舆情预判框架 v2.0 - 日终数据采集
[2026-09-08 17:37:32] [INFO] 交易日: 2026-09-08
[2026-09-08 17:37:32] [INFO] ============================================================
[2026-09-08 17:37:32] [INFO] >> 步骤1: 运行6层数据采集器
[2026-09-08 17:37:32] [INFO] L0 开始采集: 宏观采集器(CPI/PPI/PMI) (collect_macro.py)
[2026-09-08 17:37:39] [INFO] L0 采集完成: collect_macro.py
  PPI同比: 3.5 (2026-07-01) 可用: 2026-07-11
  制造业PMI: 49.8 (2026-08-01) 可用: 2026-08-01
  CPI-PPI剪刀差: -3.0 (2026-07-01) 可用: 2026-07-11

⚠️ TODO: 社融/M1-M2/DR007 需用akshare或央行官网接口（待接入）
[2026-09-08 17:37:39] [INFO] L0 开始采集: 宏观补充(社融/M1M2/DR007) (collect_macro_extra.py)
[2026-09-08 17:38:04] [INFO] L0 采集完成: collect_macro_extra.py
  社融增量 总记录数: 136
  M1同比 总记录数: 223
  M2同比 总记录数: 223
  M1-M2剪刀差 总记录数: 223
  DR007 总记录数: 252
[2026-09-08 17:38:04] [INFO] L1 开始采集: 政策事件采集器 (collect_policy.py)
[2026-09-08 17:38:07] [INFO] L1 采集完成: collect_policy.py

============================================================
✅ L1政策事件采集完成: 共 16 条
📂 脚本: /Users/lizhiwei/Documents/Obsidian Vault/10_Reference/market_sentiment/_data/db/collect_policy.py
📂 数据库: /Users/lizhiwei/Documents/Obsidian Vault/10_Reference/market_sentiment/_data/db/sentiment.db
[2026-09-08 17:38:07] [INFO] L2 开始采集: 机构动向采集器(龙虎榜/融资融券) (collect_institution.py)
[2026-09-08 17:38:22] [INFO] L2 采集完成: collect_institution.py
  回购/增持合计:
    日期: 2026-09-08 | 值: 7.447138 | 来源: eastmoney | 可用: 2026-09-09
      buyback_count: 5
      buyback_amount_yi: 7.45
      window_days: 7
[2026-09-08 17:38:22] [INFO] L3 开始采集: 资金面采集器(北向/主力/成交额) (collect_capital.py)
[2026-09-08 17:39:00] [INFO] L3 采集完成: collect_capital.py
  northbound_net: 无有效值 (2026-09-01) 来源:web_search_legulegu
  main_capital_net: -59.45 (2026-09-08) 可用:2026-09-08 来源:web_search_sina
  volume_ratio: 无有效值 (2026-09-08) 来源:failed
  etf_net_subscribe: 无有效值 (2026-09-08) 来源:failed
  cds_spread: -3.12 (2026-09-01) 可用:2026-09-08 来源:web_search_macromicro
[2026-09-08 17:39:00] [INFO] L4 开始采集: 市场情绪采集器(涨停池/炸板) (collect_sentiment.py)
[2026-09-08 17:39:29] [INFO] L4 采集完成: collect_sentiment.py
📋 数据库最新记录:
  日期: 2026-09-08
  涨停: 50 (首板:36 二板:10 三板+:4)
  最高连板: 4板
  连板天梯: 1板:36只 → 2板:10只 → 3板:2只 → 4板:2只
[2026-09-08 17:39:29] [INFO] L5 开始采集: 衍生品采集器(PCR/IV/基差) (collect_derivatives.py)
[2026-09-08 17:39:32] [INFO] L5 采集完成: collect_derivatives.py

  数据库衍生品记录总数: 1条

📂 脚本: /Users/lizhiwei/Documents/Obsidian Vault/10_Reference/market_sentiment/_data/db/collect_derivatives.py
📂 数据库: /Users/lizhiwei/Documents/Obsidian Vault/10_Reference/market_sentiment/_data/db/sentiment.db
[2026-09-08 17:39:32] [INFO] >> 步骤2: 运行评分引擎
[2026-09-08 17:39:32] [INFO] 开始运行评分引擎，交易日=2026-09-08
[2026-09-08 17:39:32] [INFO] 评分完成: Z=-0.0141 方向=neutral 置信度=80.0% 熔断=L0
[2026-09-08 17:39:32] [INFO] >> 步骤3: 运行告警检查
[2026-09-08 17:39:32] [INFO] 开始告警检查
[2026-09-08 17:39:34] [INFO] 发现 1 条告警
[2026-09-08 17:39:34] [INFO]   [critical] 沪深300基差贴水: -0.35% (阈值:-0.3%)
[2026-09-08 17:39:34] [INFO] ============================================================
[2026-09-08 17:39:34] [INFO] 📊 日终采集汇总
[2026-09-08 17:39:34] [INFO] ============================================================
[2026-09-08 17:39:34] [INFO]   ✅ L0 宏观采集器(CPI/PPI/PMI)
[2026-09-08 17:39:34] [INFO]   ✅ L0 宏观补充(社融/M1M2/DR007)
[2026-09-08 17:39:34] [INFO]   ✅ L1 政策事件采集器
[2026-09-08 17:39:34] [INFO]   ✅ L2 机构动向采集器(龙虎榜/融资融券)
[2026-09-08 17:39:34] [INFO]   ✅ L3 资金面采集器(北向/主力/成交额)
[2026-09-08 17:39:34] [INFO]   ✅ L4 市场情绪采集器(涨停池/炸板)
[2026-09-08 17:39:34] [INFO]   ✅ L5 衍生品采集器(PCR/IV/基差)
[2026-09-08 17:39:34] [INFO]   ✅ 评分引擎: Z=-0.0141 neutral
[2026-09-08 17:39:34] [INFO]   🚨 告警: 1条
[2026-09-08 17:39:34] [INFO] ============================================================
[2026-09-08 17:39:34] [INFO] 日终采集完成
[2026-09-08 17:39:34] [INFO] ============================================================
[2026-09-08 17:49:46] [INFO] ============================================================
[2026-09-08 17:49:46] [INFO] 📊 大A舆情预判框架 v2.0 - 日终数据采集
[2026-09-08 17:49:46] [INFO] 交易日: 2026-09-08
[2026-09-08 17:49:46] [INFO] ============================================================
[2026-09-08 17:49:46] [INFO] >> 步骤1: 运行6层数据采集器
[2026-09-08 17:49:46] [INFO] L0 开始采集: 宏观采集器(CPI/PPI/PMI) (collect_macro.py)
[2026-09-08 17:49:53] [INFO] L0 采集完成: collect_macro.py
  PPI同比: 3.5 (2026-07-01) 可用: 2026-07-11
  制造业PMI: 49.8 (2026-08-01) 可用: 2026-08-01
  CPI-PPI剪刀差: -3.0 (2026-07-01) 可用: 2026-07-11

⚠️ TODO: 社融/M1-M2/DR007 需用akshare或央行官网接口（待接入）
[2026-09-08 17:49:53] [INFO] L0 开始采集: 宏观补充(社融/M1M2/DR007) (collect_macro_extra.py)
[2026-09-08 17:50:19] [INFO] L0 采集完成: collect_macro_extra.py
  社融增量 总记录数: 136
  M1同比 总记录数: 223
  M2同比 总记录数: 223
  M1-M2剪刀差 总记录数: 223
  DR007 总记录数: 252
[2026-09-08 17:50:19] [INFO] L1 开始采集: 政策事件采集器 (collect_policy.py)
[2026-09-08 17:50:23] [INFO] L1 采集完成: collect_policy.py

============================================================
✅ L1政策事件采集完成: 共 16 条
📂 脚本: /Users/lizhiwei/Documents/Obsidian Vault/10_Reference/market_sentiment/_data/db/collect_policy.py
📂 数据库: /Users/lizhiwei/Documents/Obsidian Vault/10_Reference/market_sentiment/_data/db/sentiment.db
[2026-09-08 17:50:23] [INFO] L2 开始采集: 机构动向采集器(龙虎榜/融资融券) (collect_institution.py)
[2026-09-08 17:50:42] [INFO] L2 采集完成: collect_institution.py
  回购/增持合计:
    日期: 2026-09-08 | 值: 7.447138 | 来源: eastmoney | 可用: 2026-09-09
      buyback_count: 5
      buyback_amount_yi: 7.45
      window_days: 7
[2026-09-08 17:50:42] [INFO] L3 开始采集: 资金面采集器(北向/主力/成交额) (collect_capital.py)
[2026-09-08 17:51:27] [INFO] L3 采集完成: collect_capital.py
  northbound_net: 无有效值 (2026-09-01) 来源:web_search_legulegu
  main_capital_net: -59.45 (2026-09-08) 可用:2026-09-08 来源:web_search_sina
  volume_ratio: 无有效值 (2026-09-08) 来源:failed
  etf_net_subscribe: 无有效值 (2026-09-08) 来源:failed
  cds_spread: -3.12 (2026-09-01) 可用:2026-09-08 来源:web_search_macromicro
[2026-09-08 17:51:27] [INFO] L4 开始采集: 市场情绪采集器(涨停池/炸板) (collect_sentiment.py)
[2026-09-08 17:53:27] [INFO] ============================================================
[2026-09-08 17:53:27] [INFO] 📊 大A舆情预判框架 v2.0 - 日终数据采集
[2026-09-08 17:53:27] [INFO] 交易日: 2026-09-08
[2026-09-08 17:53:27] [INFO] ============================================================
[2026-09-08 17:53:27] [INFO] >> 步骤1: 运行6层数据采集器
[2026-09-08 17:53:27] [INFO] L0 开始采集: 宏观采集器(CPI/PPI/PMI) (collect_macro.py)
[2026-09-08 17:53:30] [INFO] L0 采集完成: collect_macro.py
  PPI同比: 3.5 (2026-07-01) 可用: 2026-07-11
  制造业PMI: 49.8 (2026-08-01) 可用: 2026-08-01
  CPI-PPI剪刀差: -3.0 (2026-07-01) 可用: 2026-07-11

⚠️ TODO: 社融/M1-M2/DR007 需用akshare或央行官网接口（待接入）
[2026-09-08 17:53:30] [INFO] L0 开始采集: 宏观补充(社融/M1M2/DR007) (collect_macro_extra.py)
[2026-09-08 17:53:42] [INFO] L0 采集完成: collect_macro_extra.py
  社融增量 总记录数: 136
  M1同比 总记录数: 223
  M2同比 总记录数: 223
  M1-M2剪刀差 总记录数: 223
  DR007 总记录数: 252
[2026-09-08 17:53:42] [INFO] L1 开始采集: 政策事件采集器 (collect_policy.py)
[2026-09-08 17:53:45] [INFO] L1 采集完成: collect_policy.py

============================================================
✅ L1政策事件采集完成: 共 16 条
📂 脚本: /Users/lizhiwei/Documents/Obsidian Vault/10_Reference/market_sentiment/_data/db/collect_policy.py
📂 数据库: /Users/lizhiwei/Documents/Obsidian Vault/10_Reference/market_sentiment/_data/db/sentiment.db
[2026-09-08 17:53:45] [INFO] L2 开始采集: 机构动向采集器(龙虎榜/融资融券) (collect_institution.py)
[2026-09-08 17:53:56] [INFO] L2 采集完成: collect_institution.py
  回购/增持合计:
    日期: 2026-09-08 | 值: 7.447138 | 来源: eastmoney | 可用: 2026-09-09
      buyback_count: 5
      buyback_amount_yi: 7.45
      window_days: 7
[2026-09-08 17:53:56] [INFO] L3 开始采集: 资金面采集器(北向/主力/成交额) (collect_capital.py)
[2026-09-09 17:30:52] [INFO] ============================================================
[2026-09-09 17:30:52] [INFO] 📊 大A舆情预判框架 v2.0 - 日终数据采集
[2026-09-09 17:30:52] [INFO] 交易日: 2026-09-09
[2026-09-09 17:30:52] [INFO] ============================================================
[2026-09-09 17:30:52] [INFO] >> 步骤1: 运行6层数据采集器
[2026-09-09 17:30:52] [INFO] L0 开始采集: 宏观采集器(CPI/PPI/PMI) (collect_macro.py)
[2026-09-09 17:30:59] [INFO] L0 采集完成: collect_macro.py
  PPI同比: 3.8 (2026-08-01) 可用: 2026-08-11
  制造业PMI: 49.8 (2026-08-01) 可用: 2026-08-01
  CPI-PPI剪刀差: -3.0 (2026-08-01) 可用: 2026-08-11

⚠️ TODO: 社融/M1-M2/DR007 需用akshare或央行官网接口（待接入）
[2026-09-09 17:30:59] [INFO] L0 开始采集: 宏观补充(社融/M1M2/DR007) (collect_macro_extra.py)
[2026-09-09 17:31:28] [INFO] L0 采集完成: collect_macro_extra.py
  社融增量 总记录数: 136
  M1同比 总记录数: 223
  M2同比 总记录数: 223
  M1-M2剪刀差 总记录数: 223
  DR007 总记录数: 253
[2026-09-09 17:31:28] [INFO] L1 开始采集: 政策事件采集器 (collect_policy.py)
[2026-09-09 17:31:33] [INFO] L1 采集完成: collect_policy.py

============================================================
✅ L1政策事件采集完成: 共 16 条
📂 脚本: /Users/lizhiwei/Documents/Obsidian Vault/10_Reference/market_sentiment/_data/db/collect_policy.py
📂 数据库: /Users/lizhiwei/Documents/Obsidian Vault/10_Reference/market_sentiment/_data/db/sentiment.db
[2026-09-09 17:31:33] [INFO] L2 开始采集: 机构动向采集器(龙虎榜/融资融券) (collect_institution.py)
[2026-09-09 17:31:47] [INFO] L2 采集完成: collect_institution.py
  回购/增持合计:
    日期: 2026-09-09 | 值: 7.51311 | 来源: eastmoney | 可用: 2026-09-10
      buyback_count: 5
      buyback_amount_yi: 7.51
      window_days: 7
[2026-09-09 17:31:47] [INFO] L3 开始采集: 资金面采集器(北向/主力/成交额) (collect_capital.py)
[2026-09-09 17:32:28] [INFO] L3 采集完成: collect_capital.py
  northbound_net: 无有效值 (2026-09-01) 来源:web_search_legulegu
  main_capital_net: -59.45 (2026-09-09) 可用:2026-09-09 来源:web_search_sina
  volume_ratio: 无有效值 (2026-09-09) 来源:failed
  etf_net_subscribe: 无有效值 (2026-09-09) 来源:failed
  cds_spread: -3.12 (2026-09-01) 可用:2026-09-09 来源:web_search_macromicro
[2026-09-09 17:32:28] [INFO] L4 开始采集: 市场情绪采集器(涨停池/炸板) (collect_sentiment.py)
[2026-09-09 17:33:01] [INFO] ============================================================
[2026-09-09 17:33:01] [INFO] 📊 大A舆情预判框架 v2.0 - 日终数据采集
[2026-09-09 17:33:01] [INFO] 交易日: 2026-09-09
[2026-09-09 17:33:01] [INFO] ============================================================
[2026-09-09 17:33:01] [INFO] >> 步骤1: 运行6层数据采集器
[2026-09-09 17:33:01] [INFO] L0 开始采集: 宏观采集器(CPI/PPI/PMI) (collect_macro.py)
[2026-09-09 17:33:06] [INFO] L0 采集完成: collect_macro.py
  PPI同比: 3.8 (2026-08-01) 可用: 2026-08-11
  制造业PMI: 49.8 (2026-08-01) 可用: 2026-08-01
  CPI-PPI剪刀差: -3.0 (2026-08-01) 可用: 2026-08-11

⚠️ TODO: 社融/M1-M2/DR007 需用akshare或央行官网接口（待接入）
[2026-09-09 17:33:06] [INFO] L0 开始采集: 宏观补充(社融/M1M2/DR007) (collect_macro_extra.py)
[2026-09-09 17:33:24] [INFO] L0 采集完成: collect_macro_extra.py
  社融增量 总记录数: 136
  M1同比 总记录数: 223
  M2同比 总记录数: 223
  M1-M2剪刀差 总记录数: 223
  DR007 总记录数: 253
[2026-09-09 17:33:24] [INFO] L1 开始采集: 政策事件采集器 (collect_policy.py)
[2026-09-09 17:33:27] [INFO] L1 采集完成: collect_policy.py

============================================================
✅ L1政策事件采集完成: 共 16 条
📂 脚本: /Users/lizhiwei/Documents/Obsidian Vault/10_Reference/market_sentiment/_data/db/collect_policy.py
📂 数据库: /Users/lizhiwei/Documents/Obsidian Vault/10_Reference/market_sentiment/_data/db/sentiment.db
[2026-09-09 17:33:27] [INFO] L2 开始采集: 机构动向采集器(龙虎榜/融资融券) (collect_institution.py)
[2026-09-09 17:33:38] [INFO] L2 采集完成: collect_institution.py
  回购/增持合计:
    日期: 2026-09-09 | 值: 7.51311 | 来源: eastmoney | 可用: 2026-09-10
      buyback_count: 5
      buyback_amount_yi: 7.51
      window_days: 7
[2026-09-09 17:33:38] [INFO] L3 开始采集: 资金面采集器(北向/主力/成交额) (collect_capital.py)
[2026-09-09 17:33:42] [ERROR] L3 采集失败: collect_capital.py
    klines = data["data"]["klines"].split(";")
             ^^^^^^^^^^^^^^^^^^^^^^^^^^^^
AttributeError: 'list' object has no attribute 'split'
[2026-09-09 17:33:42] [INFO] L4 开始采集: 市场情绪采集器(涨停池/炸板) (collect_sentiment.py)
[2026-09-09 17:34:06] [INFO] L4 采集完成: collect_sentiment.py
📋 数据库最新记录:
  日期: 2026-09-09
  涨停: 48 (首板:33 二板:10 三板+:5)
  最高连板: 5板
  连板天梯: 1板:33只 → 2板:10只 → 3板:4只 → 5板:1只
[2026-09-09 17:34:06] [INFO] L5 开始采集: 衍生品采集器(PCR/IV/基差) (collect_derivatives.py)
[2026-09-09 17:34:10] [INFO] L5 采集完成: collect_derivatives.py

  数据库衍生品记录总数: 1条

📂 脚本: /Users/lizhiwei/Documents/Obsidian Vault/10_Reference/market_sentiment/_data/db/collect_derivatives.py
📂 数据库: /Users/lizhiwei/Documents/Obsidian Vault/10_Reference/market_sentiment/_data/db/sentiment.db
[2026-09-09 17:34:10] [INFO] >> 步骤2: 运行评分引擎
[2026-09-09 17:34:10] [INFO] 开始运行评分引擎，交易日=2026-09-09
[2026-09-09 17:34:10] [INFO] 评分完成: Z=+0.3298 方向=neutral 置信度=70.0% 熔断=L0
[2026-09-09 17:34:10] [INFO] >> 步骤3: 运行告警检查
[2026-09-09 17:34:10] [INFO] 开始告警检查
[2026-09-09 17:34:11] [INFO] 发现 1 条告警
[2026-09-09 17:34:11] [INFO]   [critical] 沪深300基差贴水: -0.35% (阈值:-0.3%)
[2026-09-09 17:34:12] [INFO] ============================================================
[2026-09-09 17:34:12] [INFO] 📊 日终采集汇总
[2026-09-09 17:34:12] [INFO] ============================================================
[2026-09-09 17:34:12] [INFO]   ✅ L0 宏观采集器(CPI/PPI/PMI)
[2026-09-09 17:34:12] [INFO]   ✅ L0 宏观补充(社融/M1M2/DR007)
[2026-09-09 17:34:12] [INFO]   ✅ L1 政策事件采集器
[2026-09-09 17:34:12] [INFO]   ✅ L2 机构动向采集器(龙虎榜/融资融券)
[2026-09-09 17:34:12] [INFO]   ❌ L3 资金面采集器(北向/主力/成交额)
[2026-09-09 17:34:12] [INFO]   ✅ L4 市场情绪采集器(涨停池/炸板)
[2026-09-09 17:34:12] [INFO]   ✅ L5 衍生品采集器(PCR/IV/基差)
[2026-09-09 17:34:12] [INFO]   ✅ 评分引擎: Z=+0.3298 neutral
[2026-09-09 17:34:12] [INFO]   🚨 告警: 1条
[2026-09-09 17:34:12] [INFO] ============================================================
[2026-09-09 17:34:12] [INFO] 日终采集完成
[2026-09-09 17:34:12] [INFO] ============================================================
